hello World Swapnil
